// Vitest Snapshot v1, https://vitest.dev/guide/snapshot.html

exports[`interview payload contract (Slice 0 oracle) > captures every API request/persistence field set across the interview feature 1`] = `
{
  "fetch GET /api/roadmap": [
    [
      "<no-json-body>",
    ],
  ],
  "fetch POST /api/agents/hints": [
    [
      "<no-json-body>",
    ],
    [
      "<no-json-body>",
    ],
  ],
  "fetch POST /api/analyze-complexity": [
    [
      "code",
      "language",
      "systemPrompt",
      "userPrompt",
    ],
  ],
  "fetch POST /api/chat": [
    [
      "...spread",
      "consoleLogs",
      "context",
      "currentCode",
      "edgeCases",
      "elapsedTime",
      "isProactive",
      "message",
      "recentNudgeTopics",
      "role",
      "scenarioCompany",
      "scenarioTitle",
      "scenarioType",
      "testResults",
      "timeSinceLastMessage",
      "userAnsweredTopics",
      "userContext",
      "workspaceContext",
    ],
    [
      "...spread",
      "consoleLogs",
      "context",
      "currentCode",
      "edgeCases",
      "guidedLab",
      "isEndingSession",
      "isPostInterview",
      "isProactive",
      "message",
      "recentNudgeTopics",
      "role",
      "scenarioCompany",
      "scenarioTitle",
      "scenarioType",
      "testResults",
      "userAnsweredTopics",
      "userContext",
      "workspaceContext",
    ],
    [
      "consoleLogs",
      "context",
      "conversationTracker",
      "currentCode",
      "edgeCases",
      "hasSubmitted",
      "interviewPhase",
      "isEndingSession",
      "isPostInterview",
      "isProactive",
      "message",
      "recentNudgeTopics",
      "role",
      "scenarioCompany",
      "scenarioTitle",
      "scenarioType",
      "solutionComplexity",
      "testResults",
      "userContext",
    ],
    [
      "consoleLogs",
      "context",
      "conversationTracker",
      "currentCode",
      "edgeCases",
      "hasSubmitted",
      "interviewPhase",
      "isProactive",
      "message",
      "recentNudgeTopics",
      "role",
      "scenarioCompany",
      "scenarioTitle",
      "scenarioType",
      "solutionComplexity",
      "testResults",
      "userContext",
      "workspaceContext",
    ],
    [
      "context",
      "currentCode",
      "isProactive",
      "message",
      "role",
      "scenarioTitle",
      "scenarioType",
      "userContext",
      "workspaceContext",
    ],
  ],
  "fetch POST /api/feedback/persist": [
    [
      "bugfixEvidenceSummary",
      "bugfixPostSessionReport",
      "bugfixScoreBreakdown",
      "conversationTranscript",
      "difficulty",
      "efficiencyMetrics",
      "feedback",
      "guidedLabMastery",
      "hintsUsed",
      "scenarioId",
      "scenarioPattern",
      "scenarioTitle",
      "scenarioType",
      "scores",
      "sessionId",
      "silentNotes",
      "testsPassed",
      "testsTotal",
      "timeSpentMinutes",
      "userId",
    ],
    [
      "difficulty",
      "feedback",
      "hintsUsed",
      "scenarioId",
      "scenarioPattern",
      "scenarioTitle",
      "scenarioType",
      "scores",
      "sessionId",
      "testsPassed",
      "testsTotal",
      "timeSpentMinutes",
      "userId",
    ],
  ],
  "fetch POST /api/feedback/stream": [
    [
      "<no-json-body>",
    ],
  ],
  "fetch POST /api/generate-feedback": [
    [
      "aiCollaborationMetrics",
      "code",
      "conversationTranscript",
      "efficiencyMetrics",
      "interactionMetrics",
      "language",
      "realInterviewMode",
      "scenarioClarifyingQuestions",
      "scenarioCompany",
      "scenarioDifficulty",
      "scenarioId",
      "scenarioPattern",
      "scenarioTitle",
      "scenarioType",
      "sessionId",
      "silentNotes",
      "testResults",
      "timeSpent",
      "userId",
    ],
    [
      "aiCollaborationMetrics",
      "code",
      "conversationTranscript",
      "efficiencyMetrics",
      "interactionMetrics",
      "language",
      "scenarioDifficulty",
      "scenarioId",
      "scenarioPattern",
      "scenarioTitle",
      "scenarioType",
      "sessionId",
      "silentNotes",
      "testResults",
      "timeSpent",
      "userId",
    ],
    [
      "aiCollaborationMetrics",
      "code",
      "conversationTranscript",
      "efficiencyMetrics",
      "interactionMetrics",
      "language",
      "scenarioDifficulty",
      "scenarioId",
      "scenarioPattern",
      "scenarioTitle",
      "scenarioType",
      "sessionId",
      "testResults",
      "timeSpent",
      "userId",
    ],
  ],
  "fetch POST /api/guest-session": [
    [
      "difficulty",
      "guestId",
      "pattern",
      "scenarioId",
      "scenarioTitle",
      "scenarioType",
    ],
    [
      "difficulty",
      "guestId",
      "pattern",
      "scenarioId",
      "scenarioTitle",
      "scenarioType",
      "targetCompany",
    ],
  ],
  "fetch POST /api/rag": [
    [
      "action",
      "feedbackType",
      "hintId",
      "hintText",
      "problemId",
      "sessionId",
      "source",
      "userId",
    ],
    [
      "action",
      "language",
      "passed",
      "problemId",
      "problemTitle",
      "problemType",
      "score",
      "solutionCode",
      "userId",
    ],
    [
      "action",
      "language",
      "passed",
      "problemId",
      "problemTitle",
      "problemType",
      "score",
      "solutionCode",
      "userId",
    ],
    [
      "action",
      "language",
      "passed",
      "problemId",
      "problemTitle",
      "problemType",
      "score",
      "solutionCode",
      "userId",
    ],
    [
      "action",
      "language",
      "passed",
      "problemId",
      "problemTitle",
      "problemType",
      "score",
      "solutionCode",
      "userId",
    ],
  ],
  "fetch POST /api/session/metrics": [
    [
      "data",
      "event",
      "sessionId",
    ],
    [
      "data",
      "event",
      "sessionId",
    ],
    [
      "data",
      "event",
      "sessionId",
    ],
    [
      "data",
      "event",
      "sessionId",
    ],
  ],
  "fetch POST /api/spaced-repetition/complete": [
    [
      "hints_used",
      "mastery_score",
      "performance_score",
      "problem_id",
      "test_cases_passed",
      "test_cases_total",
      "time_spent_minutes",
    ],
  ],
  "fetch POST /api/vectorize-session": [
    [
      "aiCollaborationMetrics",
      "code",
      "efficiencyMetrics",
      "interactionMetrics",
      "language",
      "scenarioId",
      "scenarioTitle",
      "scores",
      "sessionId",
      "testResults",
      "timeSpent",
      "userId",
    ],
  ],
  "fetch PUT /api/guest-session": [
    [
      "efficiencyScore",
      "feedback",
      "finalCode",
      "guestId",
      "language",
      "performanceScore",
      "sessionId",
      "spaceComplexity",
      "testResults",
      "timeComplexity",
    ],
    [
      "feedback",
      "finalCode",
      "guestId",
      "language",
      "performanceScore",
      "sessionId",
      "testResults",
    ],
    [
      "guestId",
      "sessionId",
      "sessionState",
    ],
    [
      "guestId",
      "sessionId",
      "sessionState",
    ],
  ],
  "guest-session sessionState": [
    [
      "activeWorkspacePath",
      "bugfixEvidenceEvents",
      "chatMessages",
      "code",
      "consoleLogs",
      "elapsedTime",
      "interviewerMessages",
      "isPostInterviewDiscussion",
      "language",
      "realInterviewMode",
      "strictTimeLimit",
      "testResults",
      "testSummary",
      "workspaceContext",
    ],
    [
      "chatMessages",
      "code",
      "elapsedTime",
      "interviewerMessages",
      "language",
      "testResults",
    ],
  ],
  "localStorage sessionData": [
    [
      "activeWorkspacePath",
      "bugfixEvidenceEvents",
      "chatMessages",
      "code",
      "consoleLogs",
      "elapsedTime",
      "interviewerMessages",
      "isPostInterviewDiscussion",
      "scenarioId",
      "selectedLanguage",
      "testResults",
      "testSummary",
      "timestamp",
      "workspaceContext",
    ],
  ],
  "saveSessionState(sessionId, {...})": [
    [
      "activeWorkspacePath",
      "bugfixEvidenceEvents",
      "chatMessages",
      "code",
      "consoleLogs",
      "elapsedTime",
      "interviewerMessages",
      "isPostInterviewDiscussion",
      "realInterviewMode",
      "selectedLanguage",
      "strictTimeLimit",
      "testResults",
      "testSummary",
      "workspaceContext",
    ],
    [
      "activeWorkspacePath",
      "bugfixEvidenceEvents",
      "chatMessages",
      "code",
      "consoleLogs",
      "elapsedTime",
      "interviewerMessages",
      "isPostInterviewDiscussion",
      "realInterviewMode",
      "selectedLanguage",
      "strictTimeLimit",
      "testResults",
      "testSummary",
      "workspaceContext",
    ],
    [
      "chatMessages",
      "code",
      "elapsedTime",
      "interviewerMessages",
      "selectedLanguage",
      "testResults",
    ],
    [
      "chatMessages",
      "code",
      "elapsedTime",
      "interviewerMessages",
      "selectedLanguage",
      "testResults",
    ],
  ],
}
`;
